// Vitest Snapshot v1, https://vitest.dev/guide/snapshot.html

exports[`BduPanel > renders empty data fallback 1`] = `
<div>
  <p
    class="MuiTypography-root MuiTypography-body2 css-eax4xe-MuiTypography-root"
  >
    Данные БДУ ФСТЭК отсутствуют
  </p>
</div>
`;

exports[`BduPanel > renders local DB format entry with key fields 1`] = `
<div>
  <div
    class="MuiStack-root css-1sazv7p-MuiStack-root"
  >
    <div
      class="MuiBox-root css-rhl8tm"
    >
      <div
        class="MuiBox-root css-1bqkmba"
      >
        <a
          class="MuiTypography-root MuiTypography-inherit MuiLink-root MuiLink-underlineAlways css-1xu7f6o-MuiTypography-root-MuiLink-root"
          href="https://bdu.fstec.ru/vul/2022-01428"
          rel="noreferrer"
          target="_blank"
        >
          BDU:2022-01428
        </a>
        <span
          class="MuiTypography-root MuiTypography-caption css-1ypbage-MuiTypography-root"
        >
          Критический
        </span>
        <span
          class="MuiTypography-root MuiTypography-caption css-l8lc0h-MuiTypography-root"
        >
          CVSS 3: 
          AV:N/AC:L/PR:N/UI:R/S:U/C:H/I:H/A:H
        </span>
        <span
          class="MuiTypography-root MuiTypography-caption css-1vm8n69-MuiTypography-root"
        >
          Существует
        </span>
        <span
          class="MuiTypography-root MuiTypography-caption css-xhsco1-MuiTypography-root"
        >
          Опубликована
        </span>
        <div
          class="MuiBox-root css-1rr4qq7"
        />
        <span
          class="MuiTypography-root MuiTypography-caption css-1pwv97m-MuiTypography-root"
        >
          23.03.2022
        </span>
      </div>
      <div
        class="MuiBox-root css-n5m4k1"
      >
        <p
          class="MuiTypography-root MuiTypography-body2 css-t5d3o5-MuiTypography-root"
        >
          Уязвимость пакета chromium
        </p>
      </div>
      <div
        class="MuiBox-root css-1dr59fg"
      >
        <div
          class="MuiBox-root css-1sadpwa"
        >
          <div
            class="MuiStack-root css-1l5lwlk-MuiStack-root"
          >
            <span
              class="MuiTypography-root MuiTypography-caption css-1vnk81k-MuiTypography-root"
            >
              Статус
            </span>
            <p
              class="MuiTypography-root MuiTypography-body2 css-c7mv90-MuiTypography-root"
            >
              Подтверждена производителем
            </p>
          </div>
          <div
            class="MuiStack-root css-1l5lwlk-MuiStack-root"
          >
            <span
              class="MuiTypography-root MuiTypography-caption css-1vnk81k-MuiTypography-root"
            >
              Класс
            </span>
            <p
              class="MuiTypography-root MuiTypography-body2 css-c7mv90-MuiTypography-root"
            >
              Уязвимость кода
            </p>
          </div>
          <div
            class="MuiStack-root css-1l5lwlk-MuiStack-root"
          >
            <span
              class="MuiTypography-root MuiTypography-caption css-1vnk81k-MuiTypography-root"
            >
              CWE
            </span>
            <p
              class="MuiTypography-root MuiTypography-body2 css-c7mv90-MuiTypography-root"
            >
              CWE-416 — Использование после освобождения
            </p>
          </div>
          <div
            class="MuiStack-root css-1l5lwlk-MuiStack-root"
          >
            <span
              class="MuiTypography-root MuiTypography-caption css-1vnk81k-MuiTypography-root"
            >
              Способ эксплуатации
            </span>
            <p
              class="MuiTypography-root MuiTypography-body2 css-c7mv90-MuiTypography-root"
            >
              Манипулирование данными
            </p>
          </div>
        </div>
      </div>
      <div
        class="MuiStack-root css-nen11g-MuiStack-root"
      >
        <div
          class="MuiBox-root css-1dqxjg8"
        >
          <div
            class="MuiStack-root css-1rlitzi-MuiStack-root"
          >
            <span
              class="MuiTypography-root MuiTypography-caption css-17d9b23-MuiTypography-root"
            >
              Описание
            </span>
          </div>
          <span
            class="MuiTypography-root MuiTypography-caption css-mslbti-MuiTypography-root"
          >
            +
          </span>
        </div>
        <div
          class="MuiCollapse-root MuiCollapse-vertical MuiCollapse-hidden css-cwrbtg-MuiCollapse-root"
          style="min-height: 0px;"
        >
          <div
            class="MuiCollapse-wrapper MuiCollapse-vertical css-1x6hinx-MuiCollapse-wrapper"
          >
            <div
              class="MuiCollapse-wrapperInner MuiCollapse-vertical css-1i4ywhz-MuiCollapse-wrapperInner"
            >
              <div
                class="MuiBox-root css-1aj8xnz"
              >
                <p
                  class="MuiTypography-root MuiTypography-body2 css-g84jyp-MuiTypography-root"
                >
                  Описание уязвимости...
                </p>
              </div>
            </div>
          </div>
        </div>
        <div
          class="MuiBox-root css-1dqxjg8"
        >
          <div
            class="MuiStack-root css-1rlitzi-MuiStack-root"
          >
            <span
              class="MuiTypography-root MuiTypography-caption css-17d9b23-MuiTypography-root"
            >
              CVSS
            </span>
            <span
              class="MuiTypography-root MuiTypography-caption css-1pwv97m-MuiTypography-root"
            >
              v3: AV:N/AC:L/PR:N/UI:R/S:U/C:H/I:H/A:H · v2: AV:N/AC:L/Au:N/C:C/I:C/A:C
            </span>
          </div>
          <span
            class="MuiTypography-root MuiTypography-caption css-mslbti-MuiTypography-root"
          >
            +
          </span>
        </div>
        <div
          class="MuiBox-root css-1dqxjg8"
        >
          <div
            class="MuiStack-root css-1rlitzi-MuiStack-root"
          >
            <span
              class="MuiTypography-root MuiTypography-caption css-17d9b23-MuiTypography-root"
            >
              ПО и окружение
            </span>
            <span
              class="MuiTypography-root MuiTypography-caption css-1pwv97m-MuiTypography-root"
            >
              Сообщество свободного ПО / Debian GNU/Linux
            </span>
          </div>
          <span
            class="MuiTypography-root MuiTypography-caption css-mslbti-MuiTypography-root"
          >
            +
          </span>
        </div>
        <div
          class="MuiCollapse-root MuiCollapse-vertical MuiCollapse-hidden css-cwrbtg-MuiCollapse-root"
          style="min-height: 0px;"
        >
          <div
            class="MuiCollapse-wrapper MuiCollapse-vertical css-1x6hinx-MuiCollapse-wrapper"
          >
            <div
              class="MuiCollapse-wrapperInner MuiCollapse-vertical css-1i4ywhz-MuiCollapse-wrapperInner"
            >
              <div
                class="MuiBox-root css-1aj8xnz"
              >
                <div
                  class="MuiStack-root css-j3ygch-MuiStack-root"
                >
                  <div
                    class="MuiStack-root css-1l5lwlk-MuiStack-root"
                  >
                    <span
                      class="MuiTypography-root MuiTypography-caption css-1vnk81k-MuiTypography-root"
                    >
                      Вендор
                    </span>
                    <p
                      class="MuiTypography-root MuiTypography-body2 css-c7mv90-MuiTypography-root"
                    >
                      Сообщество свободного ПО
                    </p>
                  </div>
                  <div
                    class="MuiStack-root css-1l5lwlk-MuiStack-root"
                  >
                    <span
                      class="MuiTypography-root MuiTypography-caption css-1vnk81k-MuiTypography-root"
                    >
                      ПО
                    </span>
                    <p
                      class="MuiTypography-root MuiTypography-body2 css-c7mv90-MuiTypography-root"
                    >
                      Debian GNU/Linux
                    </p>
                  </div>
                  <div
                    class="MuiStack-root css-1l5lwlk-MuiStack-root"
                  >
                    <span
                      class="MuiTypography-root MuiTypography-caption css-1vnk81k-MuiTypography-root"
                    >
                      Версия
                    </span>
                    <p
                      class="MuiTypography-root MuiTypography-body2 css-c7mv90-MuiTypography-root"
                    >
                      10
                    </p>
                  </div>
                  <div
                    class="MuiStack-root css-1l5lwlk-MuiStack-root"
                  >
                    <span
                      class="MuiTypography-root MuiTypography-caption css-1vnk81k-MuiTypography-root"
                    >
                      Тип
                    </span>
                    <p
                      class="MuiTypography-root MuiTypography-body2 css-c7mv90-MuiTypography-root"
                    >
                      Операционная система
                    </p>
                  </div>
                </div>
              </div>
            </div>
          </div>
        </div>
        <div
          class="MuiBox-root css-1dqxjg8"
        >
          <div
            class="MuiStack-root css-1rlitzi-MuiStack-root"
          >
            <span
              class="MuiTypography-root MuiTypography-caption css-17d9b23-MuiTypography-root"
            >
              Устранение
            </span>
          </div>
          <span
            class="MuiTypography-root MuiTypography-caption css-mslbti-MuiTypography-root"
          >
            +
          </span>
        </div>
        <div
          class="MuiCollapse-root MuiCollapse-vertical MuiCollapse-hidden css-cwrbtg-MuiCollapse-root"
          style="min-height: 0px;"
        >
          <div
            class="MuiCollapse-wrapper MuiCollapse-vertical css-1x6hinx-MuiCollapse-wrapper"
          >
            <div
              class="MuiCollapse-wrapperInner MuiCollapse-vertical css-1i4ywhz-MuiCollapse-wrapperInner"
            >
              <div
                class="MuiBox-root css-1aj8xnz"
              >
                <div
                  class="MuiStack-root css-j3ygch-MuiStack-root"
                >
                  <div
                    class="MuiStack-root css-1l5lwlk-MuiStack-root"
                  >
                    <span
                      class="MuiTypography-root MuiTypography-caption css-1vnk81k-MuiTypography-root"
                    >
                      Информация
                    </span>
                    <p
                      class="MuiTypography-root MuiTypography-body2 css-c7mv90-MuiTypography-root"
                    >
                      Уязвимость устранена
                    </p>
                  </div>
                  <div
                    class="MuiStack-root css-1l5lwlk-MuiStack-root"
                  >
                    <span
                      class="MuiTypography-root MuiTypography-caption css-1vnk81k-MuiTypography-root"
                    >
                      Способ устранения
                    </span>
                    <p
                      class="MuiTypography-root MuiTypography-body2 css-c7mv90-MuiTypography-root"
                    >
                      Обновление ПО
                    </p>
                  </div>
                  <p
                    class="MuiTypography-root MuiTypography-body2 css-11qlp5c-MuiTypography-root"
                  >
                    Обновить пакет
                  </p>
                </div>
              </div>
            </div>
          </div>
        </div>
        <div
          class="MuiBox-root css-1dqxjg8"
        >
          <div
            class="MuiStack-root css-1rlitzi-MuiStack-root"
          >
            <span
              class="MuiTypography-root MuiTypography-caption css-17d9b23-MuiTypography-root"
            >
              Идентификаторы
            </span>
            <span
              class="MuiTypography-root MuiTypography-caption css-1pwv97m-MuiTypography-root"
            >
              1
            </span>
          </div>
          <span
            class="MuiTypography-root MuiTypography-caption css-mslbti-MuiTypography-root"
          >
            +
          </span>
        </div>
        <div
          class="MuiCollapse-root MuiCollapse-vertical MuiCollapse-hidden css-cwrbtg-MuiCollapse-root"
          style="min-height: 0px;"
        >
          <div
            class="MuiCollapse-wrapper MuiCollapse-vertical css-1x6hinx-MuiCollapse-wrapper"
          >
            <div
              class="MuiCollapse-wrapperInner MuiCollapse-vertical css-1i4ywhz-MuiCollapse-wrapperInner"
            >
              <div
                class="MuiBox-root css-1aj8xnz"
              >
                <div
                  class="MuiStack-root css-a0md3q-MuiStack-root"
                >
                  <a
                    class="MuiButtonBase-root MuiChip-root MuiChip-outlined MuiChip-sizeSmall MuiChip-colorDefault MuiChip-clickable MuiChip-clickableColorDefault MuiChip-outlinedDefault css-2hxmn6-MuiButtonBase-root-MuiChip-root"
                    href="https://nvd.nist.gov/vuln/detail/CVE-2022-0975"
                    rel="noreferrer"
                    tabindex="0"
                    target="_blank"
                  >
                    <span
                      class="MuiChip-label MuiChip-labelSmall css-19m61dl-MuiChip-label"
                    >
                      CVE-2022-0975
                    </span>
                  </a>
                </div>
              </div>
            </div>
          </div>
        </div>
        <div
          class="MuiBox-root css-1dqxjg8"
        >
          <div
            class="MuiStack-root css-1rlitzi-MuiStack-root"
          >
            <span
              class="MuiTypography-root MuiTypography-caption css-17d9b23-MuiTypography-root"
            >
              Источники
            </span>
            <span
              class="MuiTypography-root MuiTypography-caption css-1pwv97m-MuiTypography-root"
            >
              1
            </span>
          </div>
          <span
            class="MuiTypography-root MuiTypography-caption css-mslbti-MuiTypography-root"
          >
            +
          </span>
        </div>
        <div
          class="MuiCollapse-root MuiCollapse-vertical MuiCollapse-hidden css-cwrbtg-MuiCollapse-root"
          style="min-height: 0px;"
        >
          <div
            class="MuiCollapse-wrapper MuiCollapse-vertical css-1x6hinx-MuiCollapse-wrapper"
          >
            <div
              class="MuiCollapse-wrapperInner MuiCollapse-vertical css-1i4ywhz-MuiCollapse-wrapperInner"
            >
              <div
                class="MuiBox-root css-1aj8xnz"
              >
                <div
                  class="MuiStack-root css-106vpu7-MuiStack-root"
                >
                  <a
                    class="MuiTypography-root MuiTypography-inherit MuiLink-root MuiLink-underlineAlways css-6rdy8b-MuiTypography-root-MuiLink-root"
                    href="https://security-tracker.debian.org"
                    rel="noreferrer"
                    target="_blank"
                  >
                    https://security-tracker.debian.org
                  </a>
                </div>
              </div>
            </div>
          </div>
        </div>
        <div
          class="MuiBox-root css-peoxu9"
        >
          <span
            class="MuiTypography-root MuiTypography-caption css-1pwv97m-MuiTypography-root"
          >
            Выявлена: 
            09.02.2022
          </span>
          <span
            class="MuiTypography-root MuiTypography-caption css-1pwv97m-MuiTypography-root"
          >
            Опубликована: 
            23.03.2022
          </span>
          <span
            class="MuiTypography-root MuiTypography-caption css-1pwv97m-MuiTypography-root"
          >
            Обновлена: 
            13.09.2024
          </span>
        </div>
      </div>
    </div>
  </div>
</div>
`;
